{
  "backend": "perlmutter",
  "workload": "nwchem_water_6-31g_scf",
  "configuration": {
    "partitions": 3,
    "executors": 2,
    "replication": 1,
    "batch_size": 1,
    "placement": "single-node"
  },
  "aggregate": {
    "status": "success",
    "cases_completed": 3,
    "cases_total": 3,
    "experiment_elapsed_s": 7.586,
    "latency_mean_ms": 2452.259,
    "throughput_cases_per_s": 0.395477,
    "memory_peak_mb": null
  },
  "scientific_validation": {
    "reference_energy_hartree": -75.983998,
    "tolerance_hartree": 1e-05
  },
  "cases": [
    {
      "command": [
        "srun",
        "--exclusive",
        "--exact",
        "--nodes=1",
        "--ntasks",
        "2",
        "--cpus-per-task",
        "2",
        "--cpu-bind=cores",
        "--kill-on-bad-exit=1",
        "shifter",
        "--image",
        "ghcr.io/nwchemgit/nwchem-720.nersc.mpich4.mpi-pr:latest",
        "--module=mpich",
        "nwchem",
        "water_check.nw"
      ],
      "cpu_ids": null,
      "case_id": "p0-r0",
      "partition": 0,
      "replica": 0,
      "returncode": 0,
      "latency_ms": 2948.659,
      "energy_hartree": -75.9839975704,
      "memory_mb": null,
      "passed": true,
      "run_directory": "/global/u1/m/makhatri/chia-agentic-memscale/results/comparison-random-58835485-1790281029548140574/step-1/cases/nwchem-p0-r0-uu99gypz"
    },
    {
      "command": [
        "srun",
        "--exclusive",
        "--exact",
        "--nodes=1",
        "--ntasks",
        "2",
        "--cpus-per-task",
        "2",
        "--cpu-bind=cores",
        "--kill-on-bad-exit=1",
        "shifter",
        "--image",
        "ghcr.io/nwchemgit/nwchem-720.nersc.mpich4.mpi-pr:latest",
        "--module=mpich",
        "nwchem",
        "water_check.nw"
      ],
      "cpu_ids": null,
      "case_id": "p1-r0",
      "partition": 1,
      "replica": 0,
      "returncode": 0,
      "latency_ms": 2443.442,
      "energy_hartree": -75.9839975704,
      "memory_mb": null,
      "passed": true,
      "run_directory": "/global/u1/m/makhatri/chia-agentic-memscale/results/comparison-random-58835485-1790281029548140574/step-1/cases/nwchem-p1-r0-q4alor57"
    },
    {
      "command": [
        "srun",
        "--exclusive",
        "--exact",
        "--nodes=1",
        "--ntasks",
        "2",
        "--cpus-per-task",
        "2",
        "--cpu-bind=cores",
        "--kill-on-bad-exit=1",
        "shifter",
        "--image",
        "ghcr.io/nwchemgit/nwchem-720.nersc.mpich4.mpi-pr:latest",
        "--module=mpich",
        "nwchem",
        "water_check.nw"
      ],
      "cpu_ids": null,
      "case_id": "p2-r0",
      "partition": 2,
      "replica": 0,
      "returncode": 0,
      "latency_ms": 1964.676,
      "energy_hartree": -75.9839975704,
      "memory_mb": null,
      "passed": true,
      "run_directory": "/global/u1/m/makhatri/chia-agentic-memscale/results/comparison-random-58835485-1790281029548140574/step-1/cases/nwchem-p2-r0-ulhmcxxy"
    }
  ]
}
